
> @manta/frontend@2.0.0 build /Users/link/manta-AI/packages/frontend
> vite build

vite v6.4.3 building for production...
[2K[1Gtransforming (1) src/main.tsx[2K[1Gtransforming (6) src/App.tsx[2K[1Gtransforming (8) ../../node_modules/.pnpm/@tanstack+query-core@5.101.0/node_mod[2K[1Gtransforming (25) ../../node_modules/.pnpm/react-router@7.18.0_react-dom@19.2.4[2K[1G[2K[1G[2K[1G[2K[1G[2K[1G[2K[1G[2K[1G[2K[1G[2K[1G[2K[1G[2K[1G[2K[1G[2K[1G[2K[1G[2K[1G[2K[1G[2K[1G[2K[1Gtransforming (34) ../../node_modules/.pnpm/react-router@7.18.0_react-dom@19.2.4[2K[1G[2K[1G[2K[1G[2K[1Gtransforming (78) ../../node_modules/.pnpm/date-fns@4.1.0/node_modules/date-fns[2K[1Gtransforming (84) ../../node_modules/.pnpm/@tanstack+query-core@5.101.0/node_mo[2K[1G[2K[1G[2K[1Gtransforming (115) ../../node_modules/.pnpm/date-fns@4.1.0/node_modules/date-fn[2K[1Gtransforming (1113) src/components/ui/select.tsx[2K[1Gtransforming (1114) ../../node_modules/.pnpm/lucide-react@0.475.0_react@19.2.4/[2K[1Gtransforming (2100) ../../node_modules/.pnpm/date-fns@4.1.0/node_modules/date-f[2K[1Gtransforming (2112) src/components/SessionSidebar.tsx[2K[1Gtransforming (2488) ../../node_modules/.pnpm/lucide-react@0.475.0_react@19.2.4/[2K[1G[2K[1Gtransforming (2523) ../../node_modules/.pnpm/zod@4.4.3/node_modules/zod/index.j[2K[1G[2K[1G[2K[1G[2K[1G[2K[1G[2K[1G[2K[1G[2K[1G[2K[1Gtransforming (2588) src/features/storage/StorageGroupRow.tsx[2K[1G[2K[1G[2K[1G[2K[1G[2K[1G[2K[1Gtransforming (2681) ../../node_modules/.pnpm/@vercel+oidc@3.2.0/node_modules/@v[2K[1G[2K[1G[2K[1G[2K[1G[2K[1G[2K[1G[2K[1G[2K[1G[2K[1G[2K[1G[2K[1G[2K[1G[2K[1Gtransforming (2758) ../../node_modules/.pnpm/@floating-ui+core@1.7.5/node_modul[2K[1G[2K[1G[2K[1G[2K[1G[2K[1G[2K[1G[2K[1G[2K[1G[2K[1Gtransforming (2835) ../../node_modules/.pnpm/use-sidecar@1.1.3_@types+react@19.[2K[1Gtransforming (3184) ../../node_modules/.pnpm/khroma@2.1.0/node_modules/khroma/d[2K[1Gtransforming (3234) ../../node_modules/.pnpm/katex@0.16.47/node_modules/katex/d[2K[1Gtransforming (3247) ../../node_modules/.pnpm/cytoscape@3.34.0/node_modules/cyto[2K[1Gtransforming (3287) ../../node_modules/.pnpm/@braintree+sanitize-url@7.1.2/node[2K[1Gtransforming (3868) ../../node_modules/.pnpm/d3-transition@3.0.1_d3-selection@3[2K[1Gtransforming (3872) ../../node_modules/.pnpm/get-nonce@1.0.1/node_modules/get-n[2K[1Gtransforming (3935) ../../node_modules/.pnpm/cose-base@2.2.0/node_modules/cose-[2K[1Gtransforming (4189) ../../node_modules/.pnpm/style-to-object@1.0.14/node_module[2K[1Gtransforming (4608) ../../node_modules/.pnpm/d3-array@2.12.1/node_modules/d3-ar[2K[1Gtransforming (4686) ../../node_modules/.pnpm/@ungap+structured-clone@1.3.1/node[2K[1Gtransforming (4934) ../../node_modules/.pnpm/micromark@4.0.2/node_modules/micro[2K[1G[2K[1G[2K[1G[2K[1G[2K[1G[2K[1G[2K[1G[2K[1G[2K[1G[2K[1G[2K[1G[2K[1G[2K[1G[2K[1G[2K[1G[2K[1G[2K[1G✓ 5130 modules transformed.
[2K[1Grendering chunks (1)...[2K[1Grendering chunks (2)...[2K[1Grendering chunks (3)...[2K[1Grendering chunks (4)...[2K[1Grendering chunks (5)...[2K[1Grendering chunks (6)...[2K[1Grendering chunks (7)...[2K[1Grendering chunks (8)...[2K[1Grendering chunks (9)...[2K[1Grendering chunks (10)...[2K[1Grendering chunks (11)...[2K[1Grendering chunks (12)...[2K[1Grendering chunks (13)...[2K[1Grendering chunks (14)...[2K[1Grendering chunks (15)...[2K[1Grendering chunks (16)...[2K[1Grendering chunks (17)...[2K[1Grendering chunks (18)...[2K[1Grendering chunks (19)...[2K[1Grendering chunks (20)...[2K[1Grendering chunks (21)...[2K[1Grendering chunks (22)...[2K[1Grendering chunks (23)...[2K[1Grendering chunks (24)...[2K[1Grendering chunks (25)...[2K[1Grendering chunks (26)...[2K[1Grendering chunks (27)...[2K[1Grendering chunks (28)...[2K[1Grendering chunks (29)...[2K[1Grendering chunks (30)...[2K[1Grendering chunks (31)...[2K[1Grendering chunks (32)...[2K[1Grendering chunks (33)...[2K[1Grendering chunks (34)...[2K[1Grendering chunks (35)...[2K[1Grendering chunks (36)...[2K[1Grendering chunks (37)...[2K[1Grendering chunks (38)...[2K[1Grendering chunks (39)...[2K[1Grendering chunks (40)...[2K[1Grendering chunks (41)...[2K[1Grendering chunks (42)...[2K[1Grendering chunks (43)...[2K[1Grendering chunks (44)...[2K[1Grendering chunks (45)...[2K[1Grendering chunks (46)...[2K[1Grendering chunks (47)...[2K[1Grendering chunks (48)...[2K[1Grendering chunks (49)...[2K[1Grendering chunks (50)...[2K[1Grendering chunks (51)...[2K[1Grendering chunks (52)...[2K[1Grendering chunks (53)...[2K[1Grendering chunks (54)...[2K[1Grendering chunks (55)...[2K[1Grendering chunks (56)...[2K[1Grendering chunks (57)...[2K[1Grendering chunks (58)...[2K[1Grendering chunks (59)...[2K[1Grendering chunks (60)...[2K[1Grendering chunks (61)...[2K[1Grendering chunks (62)...[2K[1Grendering chunks (63)...[2K[1Grendering chunks (64)...[2K[1G[2K[1Gcomputing gzip size (0)...[2K[1Gcomputing gzip size (1)...[2K[1Gcomputing gzip size (2)...[2K[1Gcomputing gzip size (3)...[2K[1Gcomputing gzip size (4)...[2K[1Gcomputing gzip size (5)...[2K[1Gcomputing gzip size (6)...[2K[1Gcomputing gzip size (7)...[2K[1Gcomputing gzip size (8)...[2K[1Gcomputing gzip size (9)...[2K[1Gcomputing gzip size (10)...[2K[1Gcomputing gzip size (11)...[2K[1Gcomputing gzip size (12)...[2K[1Gcomputing gzip size (13)...[2K[1Gcomputing gzip size (14)...[2K[1Gcomputing gzip size (15)...[2K[1Gcomputing gzip size (16)...[2K[1Gcomputing gzip size (17)...[2K[1Gcomputing gzip size (18)...[2K[1Gcomputing gzip size (19)...[2K[1Gcomputing gzip size (20)...[2K[1Gcomputing gzip size (21)...[2K[1Gcomputing gzip size (22)...[2K[1Gcomputing gzip size (23)...[2K[1Gcomputing gzip size (24)...[2K[1Gcomputing gzip size (25)...[2K[1Gcomputing gzip size (26)...[2K[1Gcomputing gzip size (27)...[2K[1Gcomputing gzip size (28)...[2K[1Gcomputing gzip size (29)...[2K[1Gcomputing gzip size (30)...[2K[1Gcomputing gzip size (31)...[2K[1Gcomputing gzip size (32)...[2K[1Gcomputing gzip size (33)...[2K[1Gcomputing gzip size (34)...[2K[1Gcomputing gzip size (35)...[2K[1Gcomputing gzip size (36)...[2K[1Gcomputing gzip size (37)...[2K[1Gcomputing gzip size (38)...[2K[1Gcomputing gzip size (39)...[2K[1Gcomputing gzip size (40)...[2K[1Gcomputing gzip size (41)...[2K[1Gcomputing gzip size (42)...[2K[1Gcomputing gzip size (43)...[2K[1Gcomputing gzip size (44)...[2K[1Gcomputing gzip size (45)...[2K[1Gcomputing gzip size (46)...[2K[1Gcomputing gzip size (47)...[2K[1Gcomputing gzip size (48)...[2K[1Gcomputing gzip size (49)...[2K[1Gcomputing gzip size (50)...[2K[1Gcomputing gzip size (51)...[2K[1Gcomputing gzip size (52)...[2K[1Gcomputing gzip size (53)...[2K[1Gcomputing gzip size (54)...[2K[1Gcomputing gzip size (55)...[2K[1Gcomputing gzip size (56)...[2K[1Gcomputing gzip size (57)...[2K[1Gcomputing gzip size (58)...[2K[1Gcomputing gzip size (59)...[2K[1Gcomputing gzip size (60)...[2K[1Gcomputing gzip size (61)...[2K[1Gcomputing gzip size (62)...[2K[1Gcomputing gzip size (63)...[2K[1Gcomputing gzip size (64)...[2K[1Gcomputing gzip size (65)...[2K[1Gcomputing gzip size (66)...[2K[1Gdist/index.html                                           0.51 kB │ gzip:   0.32 kB
dist/assets/index-BfOjbXoS.css                           79.28 kB │ gzip:  14.79 kB
dist/assets/channel-BMuNno77.js                           0.16 kB │ gzip:   0.16 kB │ map:     0.57 kB
dist/assets/init-Gi6I4Gst.js                              0.19 kB │ gzip:   0.17 kB │ map:     1.08 kB
dist/assets/chunk-2Q5K7J3B-D5Nqvib_.js                    0.25 kB │ gzip:   0.21 kB │ map:     0.88 kB
dist/assets/chunk-XXDRQBXY-DzkoRKv-.js                    0.29 kB │ gzip:   0.25 kB │ map:     1.11 kB
dist/assets/chunk-JWPE2WC7-D1QdLnpB.js                    0.35 kB │ gzip:   0.25 kB │ map:     0.98 kB
dist/assets/chunk-5VM5RSS4-CbuiIhZq.js                    0.42 kB │ gzip:   0.32 kB │ map:     0.86 kB
dist/assets/stateDiagram-v2-6OUMAXLB-CWCtwUvZ.js          0.49 kB │ gzip:   0.35 kB │ map:     1.67 kB
dist/assets/classDiagram-OUVF2IWQ-BtwRXo5n.js             0.53 kB │ gzip:   0.36 kB │ map:     1.68 kB
dist/assets/classDiagram-v2-EOCWNBFH-BtwRXo5n.js          0.53 kB │ gzip:   0.36 kB │ map:     1.69 kB
dist/assets/chunk-VR4S4FIN-Cv8eH1rS.js                    0.58 kB │ gzip:   0.42 kB │ map:     2.40 kB
dist/assets/swimlanesDiagram-G3AALYLV-CjAjzYBZ.js         0.61 kB │ gzip:   0.41 kB │ map:     1.71 kB
dist/assets/infoDiagram-FWYZ7A6U-DVcHFRFK.js              0.65 kB │ gzip:   0.45 kB │ map:     2.35 kB
dist/assets/sizeCapture-X5ZJPWSS-BmgsotLl.js              1.06 kB │ gzip:   0.60 kB │ map:     3.44 kB
dist/assets/ordinal-Cboi1Yqb.js                           1.23 kB │ gzip:   0.61 kB │ map:     5.16 kB
dist/assets/railroadDiagram-RFXS5EU6-BYK7YjBY.js          1.67 kB │ gzip:   0.80 kB │ map:     5.17 kB
dist/assets/abnfDiagram-VRR7QNED-wi0tS9Iu.js              1.87 kB │ gzip:   0.94 kB │ map:     6.42 kB
dist/assets/chunk-32BRIVSS-Cu_Sdg4S.js                    1.94 kB │ gzip:   0.88 kB │ map:     6.97 kB
dist/assets/pegDiagram-2B236MQR-BlYqXCqQ.js               2.01 kB │ gzip:   0.97 kB │ map:     6.73 kB
dist/assets/ebnfDiagram-CCIWWBDH-DIlN3Zvj.js              2.06 kB │ gzip:   0.93 kB │ map:     6.85 kB
dist/assets/arc-DDFkfq9v.js                               3.48 kB │ gzip:   1.52 kB │ map:    16.99 kB
dist/assets/diagram-NH7WQ7WH-oIPTOLqL.js                  4.30 kB │ gzip:   1.90 kB │ map:    13.73 kB
dist/assets/defaultLocale-DX6XiGOO.js                     4.74 kB │ gzip:   2.22 kB │ map:    22.53 kB
dist/assets/map-Czzmt4hB.js                               5.11 kB │ gzip:   2.11 kB │ map:    39.16 kB
dist/assets/linear-DBofhbGJ.js                            5.71 kB │ gzip:   2.35 kB │ map:    28.06 kB
dist/assets/diagram-WEI45ONY-FV1S-cvZ.js                  6.13 kB │ gzip:   2.65 kB │ map:    21.60 kB
dist/assets/pieDiagram-ENE6RG2P-DbO7wbJC.js               6.41 kB │ gzip:   2.70 kB │ map:    23.86 kB
dist/assets/chunk-RYQCIY6F-BgsmMPxW.js                    7.23 kB │ gzip:   2.82 kB │ map:    33.32 kB
dist/assets/diagram-OA4YK3LP-D307EwFC.js                  8.53 kB │ gzip:   3.81 kB │ map:    30.17 kB
dist/assets/dagre-VKFMJZFB-XfDouc6Z.js                    8.96 kB │ gzip:   3.45 kB │ map:    33.58 kB
dist/assets/cynefinDiagram-TSTJHNR4-Cp5_gyDv.js          10.16 kB │ gzip:   3.68 kB │ map:    34.73 kB
dist/assets/stateDiagram-2N3HPSRC-DeKGDCa4.js            10.48 kB │ gzip:   3.70 kB │ map:    36.04 kB
dist/assets/diagram-FQU43EPY-5xnA9sMJ.js                 10.87 kB │ gzip:   4.21 kB │ map:    38.83 kB
dist/assets/chunk-MOJQB5TN-CNoNocVF.js                   15.81 kB │ gzip:   4.47 kB │ map:    52.51 kB
dist/assets/diagram-G47NLZAW-DVhIGwhF.js                 16.13 kB │ gzip:   5.77 kB │ map:    62.56 kB
dist/assets/ishikawaDiagram-FXEZZL3T-B78oAR5l.js         17.63 kB │ gzip:   6.72 kB │ map:    63.41 kB
dist/assets/kanban-definition-HUTT4EX6-CsmNjG1n.js       20.76 kB │ gzip:   7.34 kB │ map:    68.76 kB
dist/assets/sankeyDiagram-HTMAVEWB-DiFKToss.js           23.45 kB │ gzip:   8.63 kB │ map:    89.08 kB
dist/assets/journeyDiagram-5HDEW3XC-D5KC3rP3.js          23.63 kB │ gzip:   8.40 kB │ map:    80.71 kB
dist/assets/mindmap-definition-LN4V7U3C-DjWp0G4K.js      23.72 kB │ gzip:   8.06 kB │ map:    77.91 kB
dist/assets/graph-C9eacEi8.js                            23.99 kB │ gzip:   8.36 kB │ map:   207.36 kB
dist/assets/wardleyDiagram-EHGQE667-CSIkMoth.js          26.16 kB │ gzip:   6.98 kB │ map:    82.28 kB
dist/assets/erDiagram-Q63AITRT-B5nDy876.js               27.27 kB │ gzip:   9.49 kB │ map:    91.46 kB
dist/assets/gitGraphDiagram-IHSO6WYX-6tZhhaz-.js         30.00 kB │ gzip:   8.92 kB │ map:   119.83 kB
dist/assets/layout-DEXfKzaS.js                           31.04 kB │ gzip:  11.22 kB │ map:   205.96 kB
dist/assets/requirementDiagram-TGXJPOKE-CYN1khdd.js      31.27 kB │ gzip:   9.86 kB │ map:    99.41 kB
dist/assets/timeline-definition-FHXFAJF6-CCkzr6Vo.js     31.41 kB │ gzip:  10.48 kB │ map:   108.52 kB
dist/assets/quadrantDiagram-ABIIQ3AL-C-6k6Yt-.js         34.56 kB │ gzip:  10.18 kB │ map:   111.78 kB
dist/assets/chunk-EX3LRPZG-DKBtVN3q.js                   38.68 kB │ gzip:  12.73 kB │ map:   127.36 kB
dist/assets/xychartDiagram-FW5EYKEG-BTp2of7u.js          41.99 kB │ gzip:  12.10 kB │ map:   139.00 kB
dist/assets/vennDiagram-L72KCM5P-Lyu1EOvU.js             42.43 kB │ gzip:  15.85 kB │ map:   189.16 kB
dist/assets/chunk-V7JOEXUC-DbHveYFs.js                   49.35 kB │ gzip:  15.82 kB │ map:   153.09 kB
dist/assets/flowDiagram-23GEKE2U-B5XyMqB5.js             61.46 kB │ gzip:  19.71 kB │ map:   191.39 kB
dist/assets/ganttDiagram-NO4QXBWP-C-RN1q3s.js            69.75 kB │ gzip:  23.60 kB │ map:   249.91 kB
dist/assets/c4Diagram-LMCZKHZV-Bc9aq_dK.js               70.03 kB │ gzip:  19.70 kB │ map:   203.91 kB
dist/assets/blockDiagram-677ZJIJ3-CVmvCkx_.js            75.19 kB │ gzip:  21.64 kB │ map:   260.32 kB
dist/assets/cose-bilkent-JH36ORCC-DCkNqQVZ.js            81.78 kB │ gzip:  22.52 kB │ map:   305.64 kB
dist/assets/sequenceDiagram-DBY2YBRQ-D5c8SLxu.js        117.51 kB │ gzip:  31.32 kB │ map:   352.12 kB
dist/assets/swimlanes-5IMT3BWC-BfAT_oiE.js              120.30 kB │ gzip:  44.03 kB │ map:   556.71 kB
dist/assets/architectureDiagram-ZJ3FMSHR-53RtWNER.js    151.77 kB │ gzip:  43.18 kB │ map:   600.89 kB
dist/assets/katex-C5jXJg4s.js                           261.37 kB │ gzip:  77.61 kB │ map:   975.39 kB
dist/assets/cytoscape.esm-DTSO7Bv0.js                   443.77 kB │ gzip: 142.41 kB │ map: 1,869.91 kB
dist/assets/mermaid.core-Brs64OYz.js                    635.05 kB │ gzip: 152.00 kB │ map: 2,026.93 kB
dist/assets/cynefin-VYW2F7L2-BbL6POxA.js                690.88 kB │ gzip: 155.15 kB │ map: 2,180.06 kB
dist/assets/index-BBclVMA9.js                         1,414.12 kB │ gzip: 374.78 kB │ map: 6,062.03 kB

(!) Some chunks are larger than 500 kB after minification. Consider:
- Using dynamic import() to code-split the application
- Use build.rollupOptions.output.manualChunks to improve chunking: https://rollupjs.org/configuration-options/#output-manualchunks
- Adjust chunk size limit for this warning via build.chunkSizeWarningLimit.
✓ built in 13.96s
